Total runs: 15
----------------------------------------

Instance: ../data/cordeau-tabu-instances/pr01.json
----------------------------------------
Running 1/15 (instance=../data/cordeau-tabu-instances/pr01.json, seed=1001)
  -> objective: 192.154
  -> time:       4.33 s
Running 2/15 (instance=../data/cordeau-tabu-instances/pr01.json, seed=2002)
  -> objective: 191.052
  -> time:       4.98 s
Running 3/15 (instance=../data/cordeau-tabu-instances/pr01.json, seed=3003)
  -> objective: 191.659
  -> time:       4.47 s
Running 4/15 (instance=../data/cordeau-tabu-instances/pr01.json, seed=4004)
  -> objective: 191.051
  -> time:       4.39 s
Running 5/15 (instance=../data/cordeau-tabu-instances/pr01.json, seed=5005)
  -> objective: 191.051
  -> time:       4.92 s

>>> SUMMARY instance ../data/cordeau-tabu-instances/pr01.json
    mean objective: 191.39340000000000000000
    mean time:      4.61800000000000000000 s
----------------------------------------

Instance: ../data/cordeau-tabu-instances/pr03.json
----------------------------------------
Running 6/15 (instance=../data/cordeau-tabu-instances/pr03.json, seed=1001)
  -> objective: 553.31
  -> time:       75.46 s
Running 7/15 (instance=../data/cordeau-tabu-instances/pr03.json, seed=2002)
  -> objective: 553.38
  -> time:       74.60 s
Running 8/15 (instance=../data/cordeau-tabu-instances/pr03.json, seed=3003)
  -> objective: 565.16
  -> time:       75.46 s
Running 9/15 (instance=../data/cordeau-tabu-instances/pr03.json, seed=4004)
  -> objective: 553.282
  -> time:       71.99 s
Running 10/15 (instance=../data/cordeau-tabu-instances/pr03.json, seed=5005)
  -> objective: 560.561
  -> time:       72.07 s

>>> SUMMARY instance ../data/cordeau-tabu-instances/pr03.json
    mean objective: 557.13860000000000000000
    mean time:      73.91600000000000000000 s
----------------------------------------

Instance: ../data/cordeau-tabu-instances/pr05.json
----------------------------------------
Running 11/15 (instance=../data/cordeau-tabu-instances/pr05.json, seed=1001)
  -> objective: 668.91
  -> time:       257.64 s
Running 12/15 (instance=../data/cordeau-tabu-instances/pr05.json, seed=2002)
  -> objective: 657.41
  -> time:       264.12 s
Running 13/15 (instance=../data/cordeau-tabu-instances/pr05.json, seed=3003)
  -> objective: 672.025
  -> time:       259.37 s
Running 14/15 (instance=../data/cordeau-tabu-instances/pr05.json, seed=4004)
  -> objective: 670.183
  -> time:       268.95 s
Running 15/15 (instance=../data/cordeau-tabu-instances/pr05.json, seed=5005)
  -> objective: 679.15
  -> time:       271.96 s

>>> SUMMARY instance ../data/cordeau-tabu-instances/pr05.json
    mean objective: 669.53560000000000000000
    mean time:      264.40800000000000000000 s
----------------------------------------

========================================
GLOBAL SUMMARY
  mean objective: 472.68920000000000000000
  mean time:      114.31400000000000000000 s
========================================