Hill climbing 1 

Total runs: 15
----------------------------------------

Instance: ../data/cordeau-tabu-instances/pr01.json
----------------------------------------
Running 1/15 (instance=../data/cordeau-tabu-instances/pr01.json, seed=1001)
  -> objective: 190.792
  -> time:       7.51 s
Running 2/15 (instance=../data/cordeau-tabu-instances/pr01.json, seed=2002)
  -> objective: 190.02
  -> time:       7.61 s
Running 3/15 (instance=../data/cordeau-tabu-instances/pr01.json, seed=3003)
  -> objective: 190.02
  -> time:       7.89 s
Running 4/15 (instance=../data/cordeau-tabu-instances/pr01.json, seed=4004)
  -> objective: 191.046
  -> time:       7.50 s
Running 5/15 (instance=../data/cordeau-tabu-instances/pr01.json, seed=5005)
  -> objective: 191.541
  -> time:       7.31 s

>>> SUMMARY instance ../data/cordeau-tabu-instances/pr01.json
    mean objective: 190.68380000000000000000
    mean time:      7.56400000000000000000 s
----------------------------------------

Instance: ../data/cordeau-tabu-instances/pr03.json
----------------------------------------
Running 6/15 (instance=../data/cordeau-tabu-instances/pr03.json, seed=1001)
  -> objective: 558.79
  -> time:       92.66 s
Running 7/15 (instance=../data/cordeau-tabu-instances/pr03.json, seed=2002)
  -> objective: 557.321
  -> time:       87.88 s
Running 8/15 (instance=../data/cordeau-tabu-instances/pr03.json, seed=3003)
  -> objective: 559.728
  -> time:       89.10 s
Running 9/15 (instance=../data/cordeau-tabu-instances/pr03.json, seed=4004)
  -> objective: 545.905
  -> time:       89.64 s
Running 10/15 (instance=../data/cordeau-tabu-instances/pr03.json, seed=5005)
  -> objective: 554.61
  -> time:       92.01 s

>>> SUMMARY instance ../data/cordeau-tabu-instances/pr03.json
    mean objective: 555.27080000000000000000
    mean time:      90.25800000000000000000 s
----------------------------------------

Instance: ../data/cordeau-tabu-instances/pr05.json
----------------------------------------
Running 11/15 (instance=../data/cordeau-tabu-instances/pr05.json, seed=1001)
  -> objective: 674.52
  -> time:       284.66 s
Running 12/15 (instance=../data/cordeau-tabu-instances/pr05.json, seed=2002)
  -> objective: 672.692
  -> time:       311.53 s
Running 13/15 (instance=../data/cordeau-tabu-instances/pr05.json, seed=3003)
  -> objective: 656.284
  -> time:       300.75 s
Running 14/15 (instance=../data/cordeau-tabu-instances/pr05.json, seed=4004)
  -> objective: 663.645
  -> time:       295.14 s
Running 15/15 (instance=../data/cordeau-tabu-instances/pr05.json, seed=5005)
  -> objective: 666.29
  -> time:       305.16 s

>>> SUMMARY instance ../data/cordeau-tabu-instances/pr05.json
    mean objective: 666.68620000000000000000
    mean time:      299.44800000000000000000 s
----------------------------------------

========================================
GLOBAL SUMMARY
  mean objective: 470.88026666666666666666
  mean time:      132.42333333333333333333 s
========================================